// Jest Snapshot v1, https://goo.gl/fbAQLP

exports[`get should return dns-txt 1`] = `
[MockFunction] {
  "calls": Array [
    Array [
      Array [
        Object {
          "addr": "0x1550DD7B63a52356194aBBe5dfeCDe3f322FF335",
          "dnssec": true,
          "net": "ethereum",
          "netId": "1",
          "type": "openatts",
        },
        Object {
          "addr": "0x31376b6FB90c6C16320eE8A782E4bbbCC1a96B11",
          "dnssec": true,
          "net": "ethereum",
          "netId": "1",
          "type": "openatts",
        },
        Object {
          "addr": "0x5FACf3cbd08AA4511Ff38D6DE64ee01A56272bBd",
          "dnssec": true,
          "net": "ethereum",
          "netId": "1",
          "type": "openatts",
        },
        Object {
          "addr": "0xa1de31e1812e1111F227b44a083ADaB4429a4e96",
          "dnssec": true,
          "net": "ethereum",
          "netId": "1",
          "type": "openatts",
        },
        Object {
          "addr": "0x7Ae2aE35f66ACE6671CB2bfb985011b0a2d9cf72",
          "dnssec": true,
          "net": "ethereum",
          "netId": "137",
          "type": "openatts",
        },
        Object {
          "addr": "0xFF36D7105715641Ca98A62a6890F86d00bBD5C25",
          "dnssec": true,
          "net": "ethereum",
          "netId": "137",
          "type": "openatts",
        },
        Object {
          "addr": "0x48399Fb88bcD031C556F53e93F690EEC07963Af3",
          "dnssec": true,
          "net": "ethereum",
          "netId": "3",
          "type": "openatts",
        },
        Object {
          "addr": "0x96897ba6884543bFEe6b082777E3475633165C9F",
          "dnssec": true,
          "net": "ethereum",
          "netId": "3",
          "type": "openatts",
        },
        Object {
          "addr": "0x9db35C07350e9a16C828dAda37fd9c2923c75812",
          "dnssec": true,
          "net": "ethereum",
          "netId": "3",
          "type": "openatts",
        },
        Object {
          "addr": "0xCD2dcF53B001b3998FFF7a3A13CB74bbaB27723A",
          "dnssec": true,
          "net": "ethereum",
          "netId": "3",
          "type": "openatts",
        },
        Object {
          "addr": "0xdA8DBd2Aaffc995F11314c0040716E791de5aEd2",
          "dnssec": true,
          "net": "ethereum",
          "netId": "3",
          "type": "openatts",
        },
      ],
    ],
    Array [
      Array [
        Object {
          "algorithm": "dns-did",
          "dnssec": true,
          "publicKey": "did:ethr:0x2f45d8c2b55C935d3b9fBD41fCd9ABF790d5FA25#controller",
          "type": "openatts",
          "version": "1.0",
        },
        Object {
          "algorithm": "dns-did",
          "dnssec": true,
          "publicKey": "did:ethr:0xDC674219c4057d7795d9dA3d6AB3d301BF16355D#controller",
          "type": "openatts",
          "version": "1.0",
        },
      ],
    ],
  ],
  "results": Array [
    Object {
      "type": "return",
      "value": undefined,
    },
    Object {
      "type": "return",
      "value": undefined,
    },
  ],
}
`;

exports[`get should return dns-txt 2`] = `
[MockFunction] {
  "calls": Array [
    Array [
      Array [
        Object {
          "addr": "0x1550DD7B63a52356194aBBe5dfeCDe3f322FF335",
          "dnssec": true,
          "net": "ethereum",
          "netId": "1",
          "type": "openatts",
        },
        Object {
          "addr": "0x31376b6FB90c6C16320eE8A782E4bbbCC1a96B11",
          "dnssec": true,
          "net": "ethereum",
          "netId": "1",
          "type": "openatts",
        },
        Object {
          "addr": "0x5FACf3cbd08AA4511Ff38D6DE64ee01A56272bBd",
          "dnssec": true,
          "net": "ethereum",
          "netId": "1",
          "type": "openatts",
        },
        Object {
          "addr": "0xa1de31e1812e1111F227b44a083ADaB4429a4e96",
          "dnssec": true,
          "net": "ethereum",
          "netId": "1",
          "type": "openatts",
        },
        Object {
          "addr": "0x7Ae2aE35f66ACE6671CB2bfb985011b0a2d9cf72",
          "dnssec": true,
          "net": "ethereum",
          "netId": "137",
          "type": "openatts",
        },
        Object {
          "addr": "0xFF36D7105715641Ca98A62a6890F86d00bBD5C25",
          "dnssec": true,
          "net": "ethereum",
          "netId": "137",
          "type": "openatts",
        },
        Object {
          "addr": "0x48399Fb88bcD031C556F53e93F690EEC07963Af3",
          "dnssec": true,
          "net": "ethereum",
          "netId": "3",
          "type": "openatts",
        },
        Object {
          "addr": "0x96897ba6884543bFEe6b082777E3475633165C9F",
          "dnssec": true,
          "net": "ethereum",
          "netId": "3",
          "type": "openatts",
        },
        Object {
          "addr": "0x9db35C07350e9a16C828dAda37fd9c2923c75812",
          "dnssec": true,
          "net": "ethereum",
          "netId": "3",
          "type": "openatts",
        },
        Object {
          "addr": "0xCD2dcF53B001b3998FFF7a3A13CB74bbaB27723A",
          "dnssec": true,
          "net": "ethereum",
          "netId": "3",
          "type": "openatts",
        },
        Object {
          "addr": "0xdA8DBd2Aaffc995F11314c0040716E791de5aEd2",
          "dnssec": true,
          "net": "ethereum",
          "netId": "3",
          "type": "openatts",
        },
      ],
    ],
    Array [
      Array [
        Object {
          "algorithm": "dns-did",
          "dnssec": true,
          "publicKey": "did:ethr:0x2f45d8c2b55C935d3b9fBD41fCd9ABF790d5FA25#controller",
          "type": "openatts",
          "version": "1.0",
        },
        Object {
          "algorithm": "dns-did",
          "dnssec": true,
          "publicKey": "did:ethr:0xDC674219c4057d7795d9dA3d6AB3d301BF16355D#controller",
          "type": "openatts",
          "version": "1.0",
        },
      ],
    ],
  ],
  "results": Array [
    Object {
      "type": "return",
      "value": undefined,
    },
    Object {
      "type": "return",
      "value": undefined,
    },
  ],
}
`;
